# Chronos-FM — journal of architectural decisions

Mirror of the ChronOS `DECISIONS.log` convention (T023 / T024).  
Long-form product/architecture calls live here; short ADR stubs in `docs/adr/`
point at these entries when both are useful.

---

## 2026-08-09 — T023: empty-state pattern for Chronos-FM pages (ratified)

**Context.** ChronOS T252 (2026-08-05, ratified) fixed a single empty-state
language for right-panel tabs. Chronos-FM already has unified *card* chrome
via T002 (`elevated_card` / `section_header` in `chronos-fm-ui::patterns`)
but no written rule for “what to show when data is missing.” HANDOFF gated
this port on T252 close; gate is open.

**Decision — adopt T252’s six absence classes for all `chronos-fm-pages`:**

1. **Whole page empty / resting** → honest placeholder: what is missing and
   where to go. Centered block if the page is essentially empty; inline muted
   line inside a card if the rest of the page is still useful.
2. **Sub-section empty inside a useful page** → compact inline muted line or
   CTA, **not** a giant centered empty. **Hiding the section entirely is
   allowed** when the section header would be redundant noise (see Git file
   groups below).
3. **Async load not finished** → centered/muted `Loading…`, never the final
   empty until the background settles.
4. **Error / source unavailable** → `theme::danger` (or status.error) text
   with a **concrete** reason. Never a blank rect, never bare `"error"`.
5. **Truncation / soft limits** → honest banner (`Showing N of M…`). No silent
   clip.
6. **Not implemented** → icon + name + what it will do; **no** ETA, **no**
   “coming soon.”

**Cross-cutting honesty (§13 from ChronOS).** No fake content, no inventing
window titles / device names / counts. Every error carries its cause.

**Layout floor (T249 technique).** Prefer `min_h` / fill on short elevated
cards so the page does not leave a dead void under a tiny card (Places
sidebar already uses `h_full` post-T015). Apply when a page feels “hollow,”
not as a blanket rule.

**No forced shared helper in T023.** Cases intentionally differ (centered vs
inline vs hide vs danger). A `muted_note` / empty helper is allowed later only
if ≥3 sites share the same spacing/border recipe; not a gate for this ticket.

### Chronos-FM page audit (architect, 2026-08-09)

| Surface | Absence class | What we show today | Verdict |
| --- | --- | --- | --- |
| Explorer — empty folder | 1 | Empty listing + context menu (New Folder / Paste / Refresh) | **Keep** — resting state + actions is honest |
| Explorer — preview none | 1 | Placeholder in preview panel | **Keep** |
| Explorer — devices none | 2 | Devices block collapses / short | **Keep** — compact class 2 |
| Explorer — search empty query | 3→normal | Clears search; listing returns to dir | **Keep** |
| Explorer — search fail | 4 | Error string with cause (T016 path) | **Keep** — ensure UI always surfaces the string (no silent fail) |
| Settings — no S3 profiles | 1/2 | Empty profile list copy | **Keep**; CTA path is Settings itself |
| S3 — NoProfiles | 1 | Card + copy + **Open Settings** (post T011 bugfix) | **Keep** — gold standard class 1 + CTA |
| S3 — NeedCredentials | 1 | Form + endpoint + validation errors | **Keep** |
| S3 — Error | 4 | Concrete message | **Keep** |
| Git — not a repo | 1 | “Not a git repository” | **Keep** |
| Git — loading | 3 | “Loading…” | **Keep** |
| Git — op error | 4 | `danger` + concrete message | **Keep** |
| Git — empty Staged/Modified/Untracked | 2 | **Section omitted** | **Accept hide** — page already shows branch/stash/header; empty file groups need no “0 files” noise |
| Git — empty stash list | 2 | Stash card still shown (C8) with 0 entries + push row | **Keep** — differs from file sections on purpose (actionable push) |
| Extensions — no plugins | 1 | Card + “Add them in config.toml” + snippet | **Keep** — honest + actionable |

**Open product residuals (not T023 code, optional later tickets):**

- Truncation banners (class 5) if any listing soft-caps without a banner —
  audit-on-touch, not a sweep.
- Search zero-hits UX (query non-empty, 0 results) — ensure a single muted
  “No matches” line if missing.
- No new empty-state helper in this decision.

**Code in T023: none.** Pattern is documentation + ADR. Implementation
changes only when a page **violates** the table; none of the core pages
require a forced rewrite today.

**Recording mechanism (also from T023 ticket):** both `docs/DECISIONS.log`
(this entry) and ADR 0010 stub. Further pattern-port gaps → **T024**.

**Verification.** Architect ratification of this entry + ADR 0010. No code
gate.

---

## 2026-08-09 — T024: pattern-port remainder decisions (ratified)

**Context.** T023 closed empty-state + DECISIONS.log mechanism. T024
addresses the remaining ~40% of ChronOS pattern-port gaps: rejected/
directory, notes/ directory, MIGRATION.md artifact, and per-project
skills. Architect ratification 2026-08-09 via T024.

### Decision 1 — `rejected/` directory: PORTED

Create `docs/orchestration/tasks/rejected/` mirroring ChronOS convention.
Rules:
- REFUTED/REJECTED reports move to `rejected/` (physical move or
  duplicate with reference)
- Superseded tickets (suffix `-superseded-by-Txxx.md`) go there too
- The original report in `report/` keeps its errata block — `rejected/`
  is the final resting place, not a replacement for the errata
- Filename convention: suffix `-REJECTED.md` or `-superseded-by-Txxx.md`

First inhabitant: `T011-s3-tab-live-report.md` (REFUTED with errata).

### Decision 2 — `notes/` directory: NOT PORTED

`docs/orchestration/tasks/notes/` is not created. Session-knowledge is
covered by `.workbuddy/memory/` (MEMORY.md + dated files). ChronOS
`notes/` was ad-hoc; `.workbuddy/memory/` is the deliberate replacement.
No duplication needed.

### Decision 3 — `MIGRATION.md`: NOT PORTED

`docs/orchestration/tasks/MIGRATION.md` from ChronOS is a historical
artifact of the per-agent → per-task migration (2026-07-22). Chronos-FM
started with per-task accounting from day one — no migration document
is applicable. Explicitly recorded so the question does not resurface.

### Decision 4 — per-project skills: ON DEMAND

ChronOS has 11 skills not ported to FM. Rule: port a skill only when
an FM task requires it. No bulk import. Likely first candidates:
`tokio-coop-budget-on-main-thread`, `rtl-text-rendering` — both
relevant to a gpui project with tokio in services. Each port includes
adaptation to FM paths and conventions.

### Verification

Architect ratified all four decisions interactively (T024, 2026-08-09).
Code: none — decision-only ticket.
[38;5;8m   1[0m 
[38;5;8m   2[0m [37m### Decision — T036 story-web WASM: path A (rustup + nightly)[0m
[38;5;8m   3[0m 
[38;5;8m   4[0m [37m**Date:** 2026-08-09  [0m
[38;5;8m   5[0m [37m**Choice:** Install rustup + nightly **only for wasm** (`RUSTUP_TOOLCHAIN=nightly`).[0m
[38;5;8m   6[0m [37mSystem `/usr/bin/rustc` 1.97.1 and FM `rust-toolchain.toml` (stable) unchanged.[0m
[38;5;8m   7[0m [37m**Rejected:** B (stable wasm_thread) — not available; C (defer) — unblocked in-session.[0m
[38;5;8m   8[0m [37m**Side effects:** `Source/assets` symlink; zero-byte font variant stubs → Regular.[0m
[38;5;8m   9[0m [37m**Status:** ACCEPT — build green; browser canvas dark (font stubs).[0m
[38;5;8m  10[0m 
[38;5;8m   1[0m 
[38;5;8m   2[0m [37m### Decision — T037 mockup is shell visual SoT[0m
[38;5;8m   3[0m 
[38;5;8m   4[0m [37m**Date:** 2026-08-09  [0m
[38;5;8m   5[0m [37m**Artifact:** `docs/design/mockups/chronos-file-manager.dc.html`  [0m
[38;5;8m   6[0m [37m**Rule:** Explorer shell chrome structure/density matches mockup; icons from[0m
[38;5;8m   7[0m [37m`crates/chronos-fm-ui/assets/icons/` only. Dark Chronos palette is product[0m
[38;5;8m   8[0m [37mdemo default; light remains supported. Secondary pages (Git/S3/…) full[0m
[38;5;8m   9[0m [37mmockup parity = residual after T037 explorer shell.[0m
[38;5;8m  10[0m [37m**Ticket:** `active/T037-visual-shell-mockup-parity.md`[0m
[38;5;8m  11[0m 
[38;5;8m   1[0m 
[38;5;8m   2[0m [37m### Decision — T038 Git tab mockup is visual SoT for Git page[0m
[38;5;8m   3[0m 
[38;5;8m   4[0m [37m**Date:** 2026-08-09  [0m
[38;5;8m   5[0m [37m**Artifact:** `docs/design/mockups/Chronos-Git-Tab.dc.html`  [0m
[38;5;8m   6[0m [37m**Rule:** Git tab layout/density/views match mockup; icons from our pack;[0m
[38;5;8m   7[0m [37mSource/crates are code truth; facts-only + vision accept. Functional T010[0m
[38;5;8m   8[0m [37mpreserved. Shell chrome remains T037.[0m
[38;5;8m   9[0m [37m**Ticket:** `active/T038-git-tab-mockup-parity.md`[0m
[38;5;8m  10[0m 
[38;5;8m   1[0m 
[38;5;8m   2[0m [37m### Decision — T039 S3 tab mockup is visual SoT for S3 page[0m
[38;5;8m   3[0m 
[38;5;8m   4[0m [37m**Date:** 2026-08-09  [0m
[38;5;8m   5[0m [37m**Artifact:** `docs/design/mockups/Chronos-S3-Tab.dc.html`  [0m
[38;5;8m   6[0m [37m**Rule:** S3 tab layout/density/views match mockup; icons from our pack;[0m
[38;5;8m   7[0m [37mSource/crates code truth; facts-only + vision accept. T011 connect/browse[0m
[38;5;8m   8[0m [37mpreserved. No secrets in repo/report. Shell = T037; Git = T038.[0m
[38;5;8m   9[0m [37m**Ticket:** `active/T039-s3-tab-mockup-parity.md`[0m
[38;5;8m  10[0m 
[38;5;8m   1[0m 
[38;5;8m   2[0m [37m### Decision — T040 Settings mockup is product vision SoT[0m
[38;5;8m   3[0m 
[38;5;8m   4[0m [37m**Date:** 2026-08-09  [0m
[38;5;8m   5[0m [37m**Artifact:** `docs/design/mockups/Chronos-File-Manager-Settings.dc.html`  [0m
[38;5;8m   6[0m [37m**Rule:** Settings IA/density match mockup as product vision. Live may lag;[0m
[38;5;8m   7[0m [37mdelivery uses Must/Should/May — never delete mockup sections as "extra".[0m
[38;5;8m   8[0m [37mSource/crates = code truth; facts + vision accept; icons ours.[0m
[38;5;8m   9[0m [37m**Ticket:** `active/T040-settings-tab-mockup-parity.md`[0m
[38;5;8m  10[0m 
[38;5;8m   1[0m 
[38;5;8m   2[0m [37m### Decision — T042 smart pixel-copy program (Phase V then F)[0m
[38;5;8m   3[0m 
[38;5;8m   4[0m [37m**Date:** 2026-08-09  [0m
[38;5;8m   5[0m [37m**Rule:** All page mockups delivered as **Phase V visual/IA** first (honest[0m
[38;5;8m   6[0m [37mempty/disabled for missing backend), then **Phase F** function. Mockup is[0m
[38;5;8m   7[0m [37mproduct vision — never censored to live. Epic T042. Children: T037 shell, T038 Git,[0m
[38;5;8m   8[0m [37mT039 S3, T040 Settings, T041 Extensions. Vision executor + Source truth +[0m
[38;5;8m   9[0m [37mfacts-only remain mandatory.[0m
[38;5;8m  10[0m 

### Decision — Shell mockup rev 2026-08-10

**Date:** 2026-08-10  
**Canonical:** `docs/design/mockups/chronos-file-manager.dc.html`  
**Client alias:** `docs/design/mockups/chronos-file-manager.dc.html` (same bytes)  
**Previous:** `archive/chronos-file-manager.v2-2026-08-09.dc.html`  
**Note:** Density pass (e.g. 32px rows in new HTML). T037 Phase V tracks this SoT.
**Alt discarded:** `archive/chronos-file-manager.alt-spaced-2026-08-10.dc.html` (different larger draft with spaces in name).

### Decision — Source fix: T014-A frame layout memo silently dropped text (T043 real root cause)

**Date:** 2026-08-10
**Ticket:** T043 (blocks T037 §7 Places), also the true root cause behind
T037's "sparse list" / missing header/breadcrumb text symptoms.

**Context.** T043's report ("FIX-ACCEPT", self-closed, no architect verdict)
claimed the Places-empty bug was `h_resizable` not allocating sidebar space,
fixed by bypassing `resizable_panel()` with a fixed-width `div()`. That bypass
is real and harmless, but a fresh release-binary + live grim (this session,
`chronos-fm --theme dark`, settle 8-15s) showed the sidebar panel painting
with **icons only — zero text**, including the "Places" section header
itself, matching T037's earlier "no Places content" / "sparse list" reports.
The claimed "81,979 FG text pixels" evidence in the T043 report does not
match live behavior and was not reproducible.

**Root cause (Claim → Evidence).** `Source/gpui/src/taffy.rs`'s T014-A
frame-level layout memo (`TaffyLayoutEngine::compute_layout`) skips
`taffy.compute_layout_with_measure` entirely whenever this frame's layout
fingerprint (styles + child counts + content keys, in request order) matches
the previous frame's. `request_layout`/`request_measured_layout_with_content_key`
rebuild the full element tree — including a brand-new `TextLayout`
(`Rc<RefCell<None>>`, `Source/gpui/src/elements/text.rs`) — every single
render, regardless of whether the memo later skips computing. When it skips,
that frame's freshly-built `TextLayout` never gets its `measure` closure
invoked, so `TextLayoutInner` (glyph shaping, size) is never populated.
T035 (2026-08-09, ACCEPTed) turned the resulting `unwrap()` panic in
`TextLayout::prepaint`/`paint` into a silent early-return — correct for
genuinely un-laid-out zero-size elements, but it also **masked** this memo
bug: instead of crashing, affected text simply stops painting, with no log,
no test coverage, no visible signal. Any UI whose layout tree repeats
identically frame-to-frame (i.e. most idle UI, not just Chronos-FM) loses
its text after the first "memo hit" frame. Confirmed by disabling the memo
fast path and observing Places labels ("Home", "Desktop", …), the "Places"
header, and toolbar/breadcrumb text all reappear on a fresh release grim.

**Fix (Source, `taffy.rs`).** Added `frame_has_measured_leaf: bool`, set by
`request_measured_layout_with_content_key` (covers `request_measured_layout`
too) and reset in `clear()`. The T014-A fast path in `compute_layout` now
requires `!self.frame_has_measured_leaf` in addition to the existing
fingerprint/available-space match, so any frame containing a measured leaf
(text, or any future custom `request_measured_layout*` element) always runs
the real `compute_layout_with_measure` pass. Pure box-layout frames (no text)
still get the memo's perf win. Two new unit tests
(`measured_leaf_disables_frame_memo_fast_path`,
`plain_layout_leaves_memo_fast_path_eligible`) plus the three existing
T014-A tests pass (`cargo test -p gpui --lib taffy`, 6/6 green).

**Verification.** `cargo build --release -p chronos-fm` clean; live grim
(`script/dev/t037_smoke.sh`, 15s settle, real `hyprctl`-verified
`class=chronos-fm` window) shows: "Places" header + "quick access" subtitle,
all seven place labels (Home/Desktop/Documents/Downloads/Music/Pictures/
Videos), two device rows (VTOYEFI, Ventoy), toolbar breadcrumb path text,
"40 Items" count, List/Grid toggle labels — all rendering correctly. Evidence
screenshot reviewed directly (vision), not programmatic pixel-only analysis.

**Residual (new, not this fix).** Same grim shows the Grid content pane
**empty** despite "40 Items" in the breadcrumb — `filtered_entries` is
apparently not reaching `grid::render` even though `ensure_loaded`/`reload`/
`apply_filter` run synchronously before it in the same render pass. This is
a distinct defect (listing-state plumbing, not text painting) — filed as
**T044** rather than folded into T043's text-rendering fix.

**Why this belongs in Source, not Chronos-FM.** The bug is in the shared
GPUI fork's layout engine and can affect any consumer (ChronOS shell
included) whose render tree repeats between frames — not specific to
Chronos-FM's sidebar. Fixing it in Chronos-FM would mean avoiding
memo-triggering render patterns app-wide, which is not tractable.


### Decision — T045 root cause: snapshot_memo poisons uncomputed siblings

**Date:** 2026-08-10  
**Finding:** Nested `v_virtual_list::measure_item` → `compute_layout` miss path
calls `snapshot_memo`, which walks **global** `frame_node_order` and caches
`layout_bounds` for nodes not yet computed this frame as `(0,0)/(0,0)`.
Poisons sidebar/toolbar SVG/text absolute bounds for the rest of the frame.
**Repro:** `Source/gpui-component/examples/t045_repro` (isolated).  
**Fix direction:** scope `snapshot_memo` to the subtree of the compute root
(or skip nested snapshots / do not cache uncomputed layouts).  
**Status:** RC accepted; fix not shipped. Blocks T037.


### Decision — T045 fix shipped (snapshot_memo subtree scope)

**Date:** 2026-08-10  
**Change:** Source `gpui/src/taffy.rs` — `snapshot_memo(root, space)` only
layout_bounds nodes in `subtree_ids(root)`.  
**Verification:** gpui taffy 8/8 tests; live grim Places+listing; 0 zero-size errors.  
**Status:** ACCEPT. Unblocks T037.

